◇ injected env (0) from .env // tip: ⌘ override existing { override: true }
[32m[Nest] 24108  - [39m05/01/2026, 4:44:38 PM [32m    LOG[39m [38;5;3m[NestFactory] [39m[32mStarting Nest application...[39m
[32m[Nest] 24108  - [39m05/01/2026, 4:44:38 PM [32m    LOG[39m [38;5;3m[InstanceLoader] [39m[32mPrismaModule dependencies initialized[39m[38;5;3m +15ms[39m
[32m[Nest] 24108  - [39m05/01/2026, 4:44:39 PM [32m    LOG[39m [38;5;3m[InstanceLoader] [39m[32mAppModule dependencies initialized[39m[38;5;3m +2ms[39m
[32m[Nest] 24108  - [39m05/01/2026, 4:44:39 PM [32m    LOG[39m [38;5;3m[RoutesResolver] [39m[32mHealthController {/health}:[39m[38;5;3m +7ms[39m
[32m[Nest] 24108  - [39m05/01/2026, 4:44:39 PM [32m    LOG[39m [38;5;3m[RouterExplorer] [39m[32mMapped {/health, GET} route[39m[38;5;3m +2ms[39m
[32m[Nest] 24108  - [39m05/01/2026, 4:44:39 PM [32m    LOG[39m [38;5;3m[RoutesResolver] [39m[32mLinksController {/links}:[39m[38;5;3m +0ms[39m
[32m[Nest] 24108  - [39m05/01/2026, 4:44:39 PM [32m    LOG[39m [38;5;3m[RouterExplorer] [39m[32mMapped {/links, POST} route[39m[38;5;3m +1ms[39m
[32m[Nest] 24108  - [39m05/01/2026, 4:44:39 PM [32m    LOG[39m [38;5;3m[RouterExplorer] [39m[32mMapped {/links, GET} route[39m[38;5;3m +0ms[39m
[32m[Nest] 24108  - [39m05/01/2026, 4:44:39 PM [32m    LOG[39m [38;5;3m[RouterExplorer] [39m[32mMapped {/links/:id, GET} route[39m[38;5;3m +1ms[39m
[32m[Nest] 24108  - [39m05/01/2026, 4:44:39 PM [32m    LOG[39m [38;5;3m[RoutesResolver] [39m[32mMetricsController {/metrics}:[39m[38;5;3m +0ms[39m
[32m[Nest] 24108  - [39m05/01/2026, 4:44:39 PM [32m    LOG[39m [38;5;3m[RouterExplorer] [39m[32mMapped {/metrics, GET} route[39m[38;5;3m +1ms[39m
[32m[Nest] 24108  - [39m05/01/2026, 4:44:39 PM [32m    LOG[39m [38;5;3m[RoutesResolver] [39m[32mRedirectController {/r}:[39m[38;5;3m +0ms[39m
[32m[Nest] 24108  - [39m05/01/2026, 4:44:39 PM [32m    LOG[39m [38;5;3m[RouterExplorer] [39m[32mMapped {/r/:code, GET} route[39m[38;5;3m +0ms[39m
[32m[Nest] 24108  - [39m05/01/2026, 4:44:39 PM [32m    LOG[39m [38;5;3m[NestApplication] [39m[32mNest application successfully started[39m[38;5;3m +38ms[39m
{"timestamp":"2026-05-01T11:14:43.476Z","level":"info","message":"request.completed","request_id":"a8afd0c4-e7a6-47fb-95fc-01a237355124","method":"GET","path":"/health","status_code":200,"response_time_ms":59.68,"user_id":null}
{"timestamp":"2026-05-01T11:14:55.989Z","level":"info","message":"request.completed","request_id":"1c30acf1-c0fd-4680-bfad-413108a49464","method":"GET","path":"/health","status_code":200,"response_time_ms":6.97,"user_id":null}
{"timestamp":"2026-05-01T11:15:20.765Z","level":"info","message":"request.completed","request_id":"fb45c394-71b0-4803-993f-4f76959d3c9a","method":"POST","path":"/links","status_code":201,"response_time_ms":42.21,"user_id":"tenant-observability"}
{"timestamp":"2026-05-01T11:15:20.802Z","level":"info","message":"request.completed","request_id":"6d037be5-cfd3-4afa-bd88-9f38b512d06a","method":"GET","path":"/r/wpr1t6BU","status_code":302,"response_time_ms":27.51,"user_id":null}
{"timestamp":"2026-05-01T11:15:20.807Z","level":"info","message":"request.completed","request_id":"b4d60e8c-ff62-4d50-9363-a5ddf849c2ac","method":"GET","path":"/r/wpr1t6BU","status_code":302,"response_time_ms":3.29,"user_id":null}
{"timestamp":"2026-05-01T11:15:20.812Z","level":"info","message":"request.completed","request_id":"daffee73-af77-4f1b-a05c-676094425c80","method":"GET","path":"/r/wpr1t6BU","status_code":302,"response_time_ms":3.67,"user_id":null}
{"timestamp":"2026-05-01T11:15:20.820Z","level":"info","message":"request.completed","request_id":"39c97701-d0d8-4297-9e42-6895ce167dd6","method":"GET","path":"/r/wpr1t6BU","status_code":302,"response_time_ms":6.66,"user_id":null}
{"timestamp":"2026-05-01T11:15:20.824Z","level":"info","message":"request.completed","request_id":"cf29701d-f381-4b61-b0d9-08ea5f2554e8","method":"GET","path":"/r/wpr1t6BU","status_code":302,"response_time_ms":3.35,"user_id":null}
{"timestamp":"2026-05-01T11:15:20.829Z","level":"info","message":"request.completed","request_id":"8d506b62-081c-46c6-aa79-8b77d84f8db5","method":"GET","path":"/r/wpr1t6BU","status_code":302,"response_time_ms":3.27,"user_id":null}
{"timestamp":"2026-05-01T11:15:20.837Z","level":"info","message":"request.completed","request_id":"2e7f2f58-6682-4787-bf9c-c4791399f7d7","method":"GET","path":"/r/wpr1t6BU","status_code":302,"response_time_ms":5.82,"user_id":null}
{"timestamp":"2026-05-01T11:15:20.842Z","level":"info","message":"request.completed","request_id":"eb85e8b8-f7b0-4218-88c7-8c450073d9be","method":"GET","path":"/r/wpr1t6BU","status_code":302,"response_time_ms":2.94,"user_id":null}
{"timestamp":"2026-05-01T11:15:20.847Z","level":"info","message":"request.completed","request_id":"a0be387c-9644-46d1-985d-197c36845144","method":"GET","path":"/r/wpr1t6BU","status_code":302,"response_time_ms":3.03,"user_id":null}
{"timestamp":"2026-05-01T11:15:20.853Z","level":"info","message":"request.completed","request_id":"742041f0-902b-4ef4-b773-827713a1c5d5","method":"GET","path":"/r/wpr1t6BU","status_code":302,"response_time_ms":3.26,"user_id":null}
{"timestamp":"2026-05-01T11:15:20.857Z","level":"info","message":"request.completed","request_id":"2740d5b0-5fa5-4eca-a141-0789334696c8","method":"GET","path":"/r/wpr1t6BU","status_code":302,"response_time_ms":2.37,"user_id":null}
{"timestamp":"2026-05-01T11:15:20.860Z","level":"info","message":"request.completed","request_id":"e31177da-d02c-471f-94aa-9136deff7d23","method":"GET","path":"/r/wpr1t6BU","status_code":302,"response_time_ms":2.56,"user_id":null}
{"timestamp":"2026-05-01T11:15:20.864Z","level":"info","message":"request.completed","request_id":"890393b8-6b4b-46e5-9cd8-1316c5a02bd5","method":"GET","path":"/r/wpr1t6BU","status_code":302,"response_time_ms":2.8,"user_id":null}
{"timestamp":"2026-05-01T11:15:20.869Z","level":"info","message":"request.completed","request_id":"7a002b54-e17e-4489-bb7c-1a472206761f","method":"GET","path":"/r/wpr1t6BU","status_code":302,"response_time_ms":2.61,"user_id":null}
{"timestamp":"2026-05-01T11:15:20.871Z","level":"info","message":"request.completed","request_id":"b91a8a8e-470a-4ec3-bf97-f507fe6391e6","method":"GET","path":"/r/wpr1t6BU","status_code":302,"response_time_ms":1.68,"user_id":null}
{"timestamp":"2026-05-01T11:15:20.874Z","level":"info","message":"request.completed","request_id":"8b2dd26b-960b-4a81-b2b7-9a3d74c6595b","method":"GET","path":"/r/wpr1t6BU","status_code":302,"response_time_ms":1.71,"user_id":null}
{"timestamp":"2026-05-01T11:15:20.876Z","level":"info","message":"request.completed","request_id":"13901e76-7484-4198-a108-fc818ddc1a62","method":"GET","path":"/r/wpr1t6BU","status_code":302,"response_time_ms":1.54,"user_id":null}
{"timestamp":"2026-05-01T11:15:20.878Z","level":"info","message":"request.completed","request_id":"b75e9525-be96-48e7-be23-4927b140a079","method":"GET","path":"/r/wpr1t6BU","status_code":302,"response_time_ms":1.8,"user_id":null}
{"timestamp":"2026-05-01T11:15:20.883Z","level":"info","message":"request.completed","request_id":"00e2fc2f-af9b-4a4c-99e2-d339aeca89b6","method":"GET","path":"/r/wpr1t6BU","status_code":302,"response_time_ms":3.9,"user_id":null}
{"timestamp":"2026-05-01T11:15:20.887Z","level":"info","message":"request.completed","request_id":"f3c596db-d440-414d-947f-1e22635f4a3a","method":"GET","path":"/r/wpr1t6BU","status_code":302,"response_time_ms":2.46,"user_id":null}
{"timestamp":"2026-05-01T11:15:20.890Z","level":"info","message":"request.completed","request_id":"b283858f-8654-47f0-bd16-0c36a7549148","method":"GET","path":"/r/wpr1t6BU","status_code":302,"response_time_ms":2.29,"user_id":null}
{"timestamp":"2026-05-01T11:15:20.892Z","level":"info","message":"request.completed","request_id":"14f330b3-3670-47d6-ac9b-5b2accca4987","method":"GET","path":"/r/wpr1t6BU","status_code":302,"response_time_ms":1.8,"user_id":null}
{"timestamp":"2026-05-01T11:15:20.894Z","level":"info","message":"request.completed","request_id":"c1b33b7f-a8f6-4067-9b20-6f931d098864","method":"GET","path":"/r/wpr1t6BU","status_code":302,"response_time_ms":1.56,"user_id":null}
{"timestamp":"2026-05-01T11:15:20.897Z","level":"info","message":"request.completed","request_id":"68c2c09f-8e3f-49b7-a803-879e56e73843","method":"GET","path":"/r/wpr1t6BU","status_code":302,"response_time_ms":2.51,"user_id":null}
{"timestamp":"2026-05-01T11:15:20.902Z","level":"info","message":"request.completed","request_id":"328cff3e-e3f2-4205-b399-e2223bc885b9","method":"GET","path":"/r/wpr1t6BU","status_code":302,"response_time_ms":2.59,"user_id":null}
{"timestamp":"2026-05-01T11:15:20.904Z","level":"info","message":"request.completed","request_id":"5ae21634-9f2b-4e12-8db7-258c675973d4","method":"GET","path":"/r/wpr1t6BU","status_code":302,"response_time_ms":1.62,"user_id":null}
{"timestamp":"2026-05-01T11:15:20.906Z","level":"info","message":"request.completed","request_id":"a78ab993-d52f-4ed9-b320-7caf55d7f2bc","method":"GET","path":"/r/wpr1t6BU","status_code":302,"response_time_ms":1.55,"user_id":null}
{"timestamp":"2026-05-01T11:15:20.908Z","level":"info","message":"request.completed","request_id":"4f6b2199-2af9-484b-bf3f-fdb79856be05","method":"GET","path":"/r/wpr1t6BU","status_code":302,"response_time_ms":1.59,"user_id":null}
{"timestamp":"2026-05-01T11:15:20.910Z","level":"info","message":"request.completed","request_id":"166f10a2-c5ea-49ac-88c6-d3596ceff760","method":"GET","path":"/r/wpr1t6BU","status_code":302,"response_time_ms":1.54,"user_id":null}
{"timestamp":"2026-05-01T11:15:20.912Z","level":"info","message":"request.completed","request_id":"10f0e987-77aa-4227-bd67-378c2035e50d","method":"GET","path":"/r/wpr1t6BU","status_code":302,"response_time_ms":1.5,"user_id":null}
{"timestamp":"2026-05-01T11:15:20.917Z","level":"info","message":"request.completed","request_id":"f0e50747-4565-4160-aa2f-c9081170f524","method":"GET","path":"/r/wpr1t6BU","status_code":302,"response_time_ms":3.91,"user_id":null}
{"timestamp":"2026-05-01T11:15:20.919Z","level":"info","message":"request.completed","request_id":"1509ede5-54d2-4266-a06d-8b775c5c514c","method":"GET","path":"/r/wpr1t6BU","status_code":302,"response_time_ms":1.94,"user_id":null}
{"timestamp":"2026-05-01T11:15:20.921Z","level":"info","message":"request.completed","request_id":"caea5354-c180-443e-a9ab-ec7aca574964","method":"GET","path":"/r/wpr1t6BU","status_code":302,"response_time_ms":1.59,"user_id":null}
{"timestamp":"2026-05-01T11:15:20.924Z","level":"info","message":"request.completed","request_id":"0693f7ad-fa1a-4f82-98e0-83ce050493ce","method":"GET","path":"/r/wpr1t6BU","status_code":302,"response_time_ms":2.05,"user_id":null}
{"timestamp":"2026-05-01T11:15:20.926Z","level":"info","message":"request.completed","request_id":"c6fd0c49-8e59-4813-89aa-3b14c464a306","method":"GET","path":"/r/wpr1t6BU","status_code":302,"response_time_ms":1.54,"user_id":null}
{"timestamp":"2026-05-01T11:15:20.928Z","level":"info","message":"request.completed","request_id":"a321a01d-7cc9-43ef-adac-2807b2501f70","method":"GET","path":"/r/wpr1t6BU","status_code":302,"response_time_ms":1.49,"user_id":null}
{"timestamp":"2026-05-01T11:15:20.930Z","level":"info","message":"request.completed","request_id":"61e3ff3a-aed5-439d-9854-660afddae239","method":"GET","path":"/r/wpr1t6BU","status_code":302,"response_time_ms":1.86,"user_id":null}
{"timestamp":"2026-05-01T11:15:20.935Z","level":"info","message":"request.completed","request_id":"007fdcc3-92f1-4af0-a3e0-2cc1366d5016","method":"GET","path":"/r/wpr1t6BU","status_code":302,"response_time_ms":2.77,"user_id":null}
{"timestamp":"2026-05-01T11:15:20.937Z","level":"info","message":"request.completed","request_id":"da9a745c-eaff-4b16-a577-55c30d10092d","method":"GET","path":"/r/wpr1t6BU","status_code":302,"response_time_ms":1.62,"user_id":null}
{"timestamp":"2026-05-01T11:15:20.940Z","level":"info","message":"request.completed","request_id":"de1b4539-bf39-4330-8967-3fc83b2d3668","method":"GET","path":"/r/wpr1t6BU","status_code":302,"response_time_ms":1.91,"user_id":null}
{"timestamp":"2026-05-01T11:15:20.942Z","level":"info","message":"request.completed","request_id":"0bf04ee8-5b81-4967-b2ec-1d1c3238bb1e","method":"GET","path":"/r/wpr1t6BU","status_code":302,"response_time_ms":1.55,"user_id":null}
{"timestamp":"2026-05-01T11:15:20.944Z","level":"info","message":"request.completed","request_id":"2b228f4c-d6a1-48f5-86c8-3e0d5f5450b1","method":"GET","path":"/r/wpr1t6BU","status_code":302,"response_time_ms":1.51,"user_id":null}
{"timestamp":"2026-05-01T11:15:20.946Z","level":"info","message":"request.completed","request_id":"577545ed-6703-44df-9d74-f8861a33cd2e","method":"GET","path":"/r/wpr1t6BU","status_code":302,"response_time_ms":1.44,"user_id":null}
{"timestamp":"2026-05-01T11:15:20.949Z","level":"info","message":"request.completed","request_id":"b1d3d212-9a73-4972-958c-6b4eb8fe9e25","method":"GET","path":"/r/wpr1t6BU","status_code":302,"response_time_ms":3.29,"user_id":null}
{"timestamp":"2026-05-01T11:15:20.953Z","level":"info","message":"request.completed","request_id":"5082bef4-4ed0-418c-9618-8f331ee49487","method":"GET","path":"/r/wpr1t6BU","status_code":302,"response_time_ms":2.1,"user_id":null}
{"timestamp":"2026-05-01T11:15:20.955Z","level":"info","message":"request.completed","request_id":"5b8b1d23-731c-4c9e-8a6b-1f8e3fa261e5","method":"GET","path":"/r/wpr1t6BU","status_code":302,"response_time_ms":1.57,"user_id":null}
{"timestamp":"2026-05-01T11:15:20.957Z","level":"info","message":"request.completed","request_id":"0862d265-9e46-48c8-8c34-478c724aa884","method":"GET","path":"/r/wpr1t6BU","status_code":302,"response_time_ms":1.49,"user_id":null}
{"timestamp":"2026-05-01T11:15:20.959Z","level":"info","message":"request.completed","request_id":"4c7cc46a-9344-4b9c-971c-025e0e405b71","method":"GET","path":"/r/wpr1t6BU","status_code":302,"response_time_ms":1.48,"user_id":null}
{"timestamp":"2026-05-01T11:15:20.961Z","level":"info","message":"request.completed","request_id":"0ceaa01c-8828-40ea-bfc0-92473fa63e5c","method":"GET","path":"/r/wpr1t6BU","status_code":302,"response_time_ms":1.95,"user_id":null}
{"timestamp":"2026-05-01T11:15:20.963Z","level":"info","message":"request.completed","request_id":"43af2714-cd12-4d19-b5fe-53dc45482948","method":"GET","path":"/r/wpr1t6BU","status_code":302,"response_time_ms":1.77,"user_id":null}
{"timestamp":"2026-05-01T11:15:20.968Z","level":"info","message":"request.completed","request_id":"783b495b-c3b4-4ba2-940b-f695af63ab88","method":"GET","path":"/r/wpr1t6BU","status_code":302,"response_time_ms":3.3,"user_id":null}
{"timestamp":"2026-05-01T11:15:20.970Z","level":"info","message":"request.completed","request_id":"ff4304ef-11c4-4a7b-af87-7196c465f4bd","method":"GET","path":"/r/wpr1t6BU","status_code":302,"response_time_ms":1.65,"user_id":null}
{"timestamp":"2026-05-01T11:15:20.972Z","level":"info","message":"request.completed","request_id":"346c5085-b23c-46bf-a5f2-8ab9a2833600","method":"GET","path":"/r/wpr1t6BU","status_code":302,"response_time_ms":1.53,"user_id":null}
{"timestamp":"2026-05-01T11:15:20.974Z","level":"info","message":"request.completed","request_id":"aeb0ea05-71f1-44ac-b3f6-84e532038214","method":"GET","path":"/r/wpr1t6BU","status_code":302,"response_time_ms":1.51,"user_id":null}
{"timestamp":"2026-05-01T11:15:20.976Z","level":"info","message":"request.completed","request_id":"08447664-56d9-456d-9d87-82cb24de6f13","method":"GET","path":"/r/wpr1t6BU","status_code":302,"response_time_ms":1.46,"user_id":null}
{"timestamp":"2026-05-01T11:15:20.978Z","level":"info","message":"request.completed","request_id":"2182be1e-04f3-40ed-ae46-349c4631ef88","method":"GET","path":"/r/wpr1t6BU","status_code":302,"response_time_ms":1.48,"user_id":null}
{"timestamp":"2026-05-01T11:15:20.980Z","level":"info","message":"request.completed","request_id":"b55761ec-fbd2-49b2-82d7-cdc438317527","method":"GET","path":"/r/wpr1t6BU","status_code":302,"response_time_ms":1.72,"user_id":null}
{"timestamp":"2026-05-01T11:15:20.985Z","level":"info","message":"request.completed","request_id":"c8b12faf-c4b3-47fe-a4e2-786ec805d56d","method":"GET","path":"/r/wpr1t6BU","status_code":302,"response_time_ms":2.98,"user_id":null}
{"timestamp":"2026-05-01T11:15:20.987Z","level":"info","message":"request.completed","request_id":"cc7058cd-2308-4efb-8e47-664c29954dcf","method":"GET","path":"/r/wpr1t6BU","status_code":302,"response_time_ms":1.63,"user_id":null}
{"timestamp":"2026-05-01T11:15:20.990Z","level":"info","message":"request.completed","request_id":"508a9759-fb80-4c3a-acd1-46ad05b599f5","method":"GET","path":"/r/wpr1t6BU","status_code":302,"response_time_ms":1.78,"user_id":null}
{"timestamp":"2026-05-01T11:15:20.991Z","level":"warn","message":"redirect.rate_limited","client_ip":"198.51.100.45","retry_after_seconds":60,"path":"/r/wpr1t6BU"}
{"timestamp":"2026-05-01T11:15:20.992Z","level":"info","message":"request.completed","request_id":"818f87a4-7bba-46f0-9f1a-5fcc69631d10","method":"GET","path":"/r/wpr1t6BU","status_code":429,"response_time_ms":1.61,"user_id":null}
{"timestamp":"2026-05-01T11:15:20.993Z","level":"warn","message":"redirect.rate_limited","client_ip":"198.51.100.45","retry_after_seconds":60,"path":"/r/wpr1t6BU"}
{"timestamp":"2026-05-01T11:15:20.994Z","level":"info","message":"request.completed","request_id":"aa6c921c-26dc-433e-88a7-6bfcd17a43e0","method":"GET","path":"/r/wpr1t6BU","status_code":429,"response_time_ms":1,"user_id":null}
{"timestamp":"2026-05-01T11:15:20.994Z","level":"warn","message":"redirect.rate_limited","client_ip":"198.51.100.45","retry_after_seconds":60,"path":"/r/wpr1t6BU"}
{"timestamp":"2026-05-01T11:15:20.995Z","level":"info","message":"request.completed","request_id":"34170944-a88a-4bc8-9ff4-170098a88198","method":"GET","path":"/r/wpr1t6BU","status_code":429,"response_time_ms":0.73,"user_id":null}
{"timestamp":"2026-05-01T11:15:20.995Z","level":"warn","message":"redirect.rate_limited","client_ip":"198.51.100.45","retry_after_seconds":60,"path":"/r/wpr1t6BU"}
{"timestamp":"2026-05-01T11:15:20.996Z","level":"info","message":"request.completed","request_id":"b824a479-748d-4f39-bc18-2103a9ad96d4","method":"GET","path":"/r/wpr1t6BU","status_code":429,"response_time_ms":0.64,"user_id":null}
{"timestamp":"2026-05-01T11:15:20.996Z","level":"warn","message":"redirect.rate_limited","client_ip":"198.51.100.45","retry_after_seconds":60,"path":"/r/wpr1t6BU"}
{"timestamp":"2026-05-01T11:15:20.997Z","level":"info","message":"request.completed","request_id":"7f682ca9-db7b-447b-bb0e-e12c5392d1b4","method":"GET","path":"/r/wpr1t6BU","status_code":429,"response_time_ms":0.62,"user_id":null}
{"timestamp":"2026-05-01T11:15:20.999Z","level":"info","message":"request.completed","request_id":"eb62aff3-7419-426b-81ed-8e967071dce1","method":"GET","path":"/links","status_code":400,"response_time_ms":1.92,"user_id":null}
{"timestamp":"2026-05-01T11:15:21.003Z","level":"info","message":"request.completed","request_id":"31e1de66-56bc-4fa0-9ff4-a5db5816f5d9","method":"GET","path":"/links/not-a-real-id","status_code":404,"response_time_ms":3.02,"user_id":"tenant-observability"}
{"timestamp":"2026-05-01T11:15:21.006Z","level":"info","message":"request.completed","request_id":"ea35dcbd-7b07-431f-b330-2981dbe43831","method":"GET","path":"/health","status_code":200,"response_time_ms":1.68,"user_id":null}
{"timestamp":"2026-05-01T11:15:21.006Z","level":"info","message":"request.completed","request_id":"e62ba9c2-da58-4190-99e4-b348ee8f2efd","method":"GET","path":"/metrics","status_code":200,"response_time_ms":0.37,"user_id":null}
{"timestamp":"2026-05-01T11:15:35.509Z","level":"info","message":"request.completed","request_id":"76c81a92-78b1-4c5b-b4f7-d488ef27b2c3","method":"GET","path":"/metrics","status_code":200,"response_time_ms":0.83,"user_id":null}
{"timestamp":"2026-05-01T11:26:07.869Z","level":"info","message":"request.completed","request_id":"6a596d53-1b2d-41a3-91a6-e6afe1a242ce","method":"POST","path":"/links","status_code":400,"response_time_ms":56.42,"user_id":null}
{"timestamp":"2026-05-01T11:26:35.074Z","level":"info","message":"request.completed","request_id":"fc784b27-0271-41cb-82e0-e98a2200ab21","method":"POST","path":"/links","status_code":400,"response_time_ms":28.3,"user_id":null}
{"timestamp":"2026-05-01T11:26:59.876Z","level":"info","message":"request.completed","request_id":"4f34e558-fba1-4d71-b691-6b799bc242a3","method":"POST","path":"/links","status_code":201,"response_time_ms":267.96,"user_id":"test-user-1"}
{"timestamp":"2026-05-01T11:27:46.349Z","level":"info","message":"request.completed","request_id":"351de030-b985-4b36-8d12-336d0872b5f0","method":"GET","path":"/r/NuGSxgdH","status_code":302,"response_time_ms":71.08,"user_id":null}
